[{'type': 'function', 'function': {'name': 'get_file_tree', 'description': '\n        List path recursively with limited depth. Path is relative to current dir.\n        ', 'parameters': {'type': 'object', 'properties': {'path': {'type': 'string', 'description': 'Directory to list relative to current'}, 'depth': {'type': 'number', 'description': 'Depth limit, default 1'}}, 'required': ['path']}}}, {'type': 'function', 'function': {'name': 'read_file_contents', 'description': '\n        Show the contents of the file at path relative to current dir\n        ', 'parameters': {'type': 'object', 'properties': {'path': {'type': 'string', 'description': 'Path of file relative to current dir'}}, 'required': ['path']}}}]
